// Jest Snapshot v1, https://goo.gl/fbAQLP

exports[`Error Svg tests ErrorSvg snapshot 1`] = `ShallowWrapper {}`;
